<html>
<body>
<pre>
<h1>µVision Build Log</h1>
<h2>Project:</h2>
K:\Faculty\TivaC projects\Project10_FreeRTOS\prj10.uvproj
Project File Date:  04/25/2019

<h2>Output:</h2>
Rebuild target 'prj10'
assembling startup_TM4C123.s...
compiling main.c...
compiling gpio.c...
compiling sysctl.c...
compiling interrupt.c...
compiling cpu.c...
compiling port.c...
compiling tasks.c...
compiling list.c...
compiling heap_2.c...
compiling BlinkingLED_SWC.c...
compiling PushButton_SWC.c...
compiling HwAb.c...
compiling RTE.c...
linking...
Program Size: Code=12192 RO-data=1448 RW-data=1644 ZI-data=30988  
".\prj10.axf" - 0 Error(s), 0 Warning(s).
