ARM Linker, 5.03 [Build 76] [MDK-ARM Lite]

==============================================================================

Section Cross References

    startup_tm4c123.o(STACK) refers (Special) to heapauxi.o(.text) for __use_two_region_memory
    startup_tm4c123.o(HEAP) refers (Special) to heapauxi.o(.text) for __use_two_region_memory
    startup_tm4c123.o(RESET) refers (Special) to heapauxi.o(.text) for __use_two_region_memory
    startup_tm4c123.o(RESET) refers to startup_tm4c123.o(STACK) for StackMem
    startup_tm4c123.o(RESET) refers to port.o(.emb_text) for vPortSVCHandler
    startup_tm4c123.o(RESET) refers to port.o(.text) for xPortSysTickHandler
    startup_tm4c123.o(RESET) refers to __main.o(!!!main) for __main
    startup_tm4c123.o(.text) refers (Special) to heapauxi.o(.text) for __use_two_region_memory
    startup_tm4c123.o(.text) refers to startup_tm4c123.o(HEAP) for HeapMem
    startup_tm4c123.o(.text) refers to startup_tm4c123.o(STACK) for StackMem
    main.o(.text) refers to hwab.o(.text) for Clk_Init
    main.o(.text) refers to tasks.o(.text) for vTaskDelay
    main.o(.text) refers to main.o(.data) for task_1000ms_runnables
    main.o(.data) refers to pushbutton_swc.o(.text) for run_poll_pushbutton
    main.o(.data) refers to blinkingled_swc.o(.text) for run_blink_led
    gpio.o(.text) refers to gpio.o(.constdata) for g_ppui32GPIOIntMapBlizzard
    gpio.o(.text) refers to interrupt.o(.text) for IntRegister
    sysctl.o(.text) refers to interrupt.o(.text) for IntRegister
    sysctl.o(.text) refers to sysctl.o(.constdata) for g_sXTALtoMEMTIM
    sysctl.o(.text) refers to cpu.o(.emb_text) for CPUwfi
    sysctl.o(.text) refers to sysctl.o(.emb_text) for SysCtlDelay
    interrupt.o(.text) refers to cpu.o(.emb_text) for CPUcpsie
    interrupt.o(.text) refers to interrupt.o(vtable) for g_pfnRAMVectors
    interrupt.o(.text) refers to interrupt.o(.constdata) for g_pui32Priority
    port.o(.emb_text) refers to tasks.o(.text) for vTaskSwitchContext
    port.o(.emb_text) refers to tasks.o(.data) for pxCurrentTCB
    port.o(.text) refers to port.o(.emb_text) for __asm___6_port_c_39a90d8d__prvEnableVFP
    port.o(.text) refers to tasks.o(.text) for xTaskIncrementTick
    port.o(.text) refers to port.o(.data) for uxCriticalNesting
    tasks.o(.text) refers to list.o(.text) for vListInitialise
    tasks.o(.text) refers to heap_2.o(.text) for pvPortMalloc
    tasks.o(.text) refers to aeabi_memset.o(.text) for __aeabi_memset
    tasks.o(.text) refers to port.o(.text) for pxPortInitialiseStack
    tasks.o(.text) refers to tasks.o(.bss) for pxReadyTasksLists
    tasks.o(.text) refers to tasks.o(.data) for pxDelayedTaskList
    heap_2.o(.text) refers to tasks.o(.text) for vTaskSuspendAll
    heap_2.o(.text) refers to heap_2.o(.bss) for ucHeap
    heap_2.o(.text) refers to heap_2.o(.data) for xStart
    blinkingled_swc.o(.text) refers to rte.o(.text) for Rte_Read_RGB_LED_Color
    blinkingled_swc.o(.text) refers to blinkingled_swc.o(.data) for state
    pushbutton_swc.o(.text) refers to rte.o(.text) for Rte_Call_PushButton_Read
    pushbutton_swc.o(.text) refers to pushbutton_swc.o(.data) for colors
    hwab.o(.text) refers to sysctl.o(.text) for SysCtlClockSet
    hwab.o(.text) refers to gpio.o(.text) for GPIOPinTypeGPIOInput
    rte.o(.text) refers to hwab.o(.text) for RGB_LED_Set
    rte.o(.text) refers to rte.o(.data) for Rte_RGB_LED_Color
    aeabi_memset.o(.text) refers to rt_memclr.o(.text) for _memset
    __main.o(!!!main) refers to rtentry.o(.ARM.Collect$$rtentry$$00000000) for __rt_entry
    rtentry.o(.ARM.Collect$$rtentry$$00000000) refers (Special) to rtentry2.o(.ARM.Collect$$rtentry$$0000000A) for __rt_entry_li
    rtentry.o(.ARM.Collect$$rtentry$$00000000) refers (Special) to rtentry2.o(.ARM.Collect$$rtentry$$0000000D) for __rt_entry_main
    rtentry.o(.ARM.Collect$$rtentry$$00000000) refers (Special) to rtentry2.o(.ARM.Collect$$rtentry$$0000000C) for __rt_entry_postli_1
    rtentry.o(.ARM.Collect$$rtentry$$00000000) refers (Special) to rtentry2.o(.ARM.Collect$$rtentry$$00000009) for __rt_entry_postsh_1
    rtentry.o(.ARM.Collect$$rtentry$$00000000) refers (Special) to rtentry2.o(.ARM.Collect$$rtentry$$00000002) for __rt_entry_presh_1
    rtentry.o(.ARM.Collect$$rtentry$$00000000) refers (Special) to rtentry4.o(.ARM.Collect$$rtentry$$00000004) for __rt_entry_sh
    rt_memclr.o(.text) refers to rt_memclr_w.o(.text) for _memset_w
    rtentry2.o(.ARM.Collect$$rtentry$$00000008) refers to boardinit2.o(.text) for _platform_post_stackheap_init
    rtentry2.o(.ARM.Collect$$rtentry$$0000000A) refers to libinit.o(.ARM.Collect$$libinit$$00000000) for __rt_lib_init
    rtentry2.o(.ARM.Collect$$rtentry$$0000000B) refers to boardinit3.o(.text) for _platform_post_lib_init
    rtentry2.o(.ARM.Collect$$rtentry$$0000000D) refers to main.o(.text) for main
    rtentry2.o(.ARM.Collect$$rtentry$$0000000D) refers to exit.o(.text) for exit
    rtentry2.o(.ARM.exidx) refers to rtentry2.o(.ARM.Collect$$rtentry$$00000001) for .ARM.Collect$$rtentry$$00000001
    rtentry2.o(.ARM.exidx) refers to rtentry2.o(.ARM.Collect$$rtentry$$00000008) for .ARM.Collect$$rtentry$$00000008
    rtentry2.o(.ARM.exidx) refers to rtentry2.o(.ARM.Collect$$rtentry$$0000000A) for .ARM.Collect$$rtentry$$0000000A
    rtentry2.o(.ARM.exidx) refers to rtentry2.o(.ARM.Collect$$rtentry$$0000000B) for .ARM.Collect$$rtentry$$0000000B
    rtentry2.o(.ARM.exidx) refers to rtentry2.o(.ARM.Collect$$rtentry$$0000000D) for .ARM.Collect$$rtentry$$0000000D
    rtentry4.o(.ARM.Collect$$rtentry$$00000004) refers to sys_stackheap_outer.o(.text) for __user_setup_stackheap
    rtentry4.o(.ARM.exidx) refers to rtentry4.o(.ARM.Collect$$rtentry$$00000004) for .ARM.Collect$$rtentry$$00000004
    sys_stackheap_outer.o(.text) refers to libspace.o(.text) for __user_perproc_libspace
    sys_stackheap_outer.o(.text) refers to startup_tm4c123.o(.text) for __user_initial_stackheap
    exit.o(.text) refers to rtexit.o(.ARM.Collect$$rtexit$$00000000) for __rt_exit
    libinit.o(.ARM.Collect$$libinit$$00000000) refers (Special) to libinit2.o(.ARM.Collect$$libinit$$0000002C) for __rt_lib_init_alloca_1
    libinit.o(.ARM.Collect$$libinit$$00000000) refers (Special) to libinit2.o(.ARM.Collect$$libinit$$0000002A) for __rt_lib_init_argv_1
    libinit.o(.ARM.Collect$$libinit$$00000000) refers (Special) to libinit2.o(.ARM.Collect$$libinit$$00000019) for __rt_lib_init_atexit_1
    libinit.o(.ARM.Collect$$libinit$$00000000) refers (Special) to libinit2.o(.ARM.Collect$$libinit$$0000001F) for __rt_lib_init_clock_1
    libinit.o(.ARM.Collect$$libinit$$00000000) refers (Special) to libinit2.o(.ARM.Collect$$libinit$$00000030) for __rt_lib_init_cpp_1
    libinit.o(.ARM.Collect$$libinit$$00000000) refers (Special) to libinit2.o(.ARM.Collect$$libinit$$0000002E) for __rt_lib_init_exceptions_1
    libinit.o(.ARM.Collect$$libinit$$00000000) refers (Special) to libinit2.o(.ARM.Collect$$libinit$$00000001) for __rt_lib_init_fp_1
    libinit.o(.ARM.Collect$$libinit$$00000000) refers (Special) to libinit2.o(.ARM.Collect$$libinit$$0000001D) for __rt_lib_init_fp_trap_1
    libinit.o(.ARM.Collect$$libinit$$00000000) refers (Special) to libinit2.o(.ARM.Collect$$libinit$$00000021) for __rt_lib_init_getenv_1
    libinit.o(.ARM.Collect$$libinit$$00000000) refers (Special) to libinit2.o(.ARM.Collect$$libinit$$00000008) for __rt_lib_init_heap_1
    libinit.o(.ARM.Collect$$libinit$$00000000) refers (Special) to libinit2.o(.ARM.Collect$$libinit$$0000000F) for __rt_lib_init_lc_collate_1
    libinit.o(.ARM.Collect$$libinit$$00000000) refers (Special) to libinit2.o(.ARM.Collect$$libinit$$00000011) for __rt_lib_init_lc_ctype_1
    libinit.o(.ARM.Collect$$libinit$$00000000) refers (Special) to libinit2.o(.ARM.Collect$$libinit$$00000013) for __rt_lib_init_lc_monetary_1
    libinit.o(.ARM.Collect$$libinit$$00000000) refers (Special) to libinit2.o(.ARM.Collect$$libinit$$00000015) for __rt_lib_init_lc_numeric_1
    libinit.o(.ARM.Collect$$libinit$$00000000) refers (Special) to libinit2.o(.ARM.Collect$$libinit$$00000017) for __rt_lib_init_lc_time_1
    libinit.o(.ARM.Collect$$libinit$$00000000) refers (Special) to libinit2.o(.ARM.Collect$$libinit$$0000000C) for __rt_lib_init_rand_1
    libinit.o(.ARM.Collect$$libinit$$00000000) refers (Special) to libinit2.o(.ARM.Collect$$libinit$$00000031) for __rt_lib_init_return
    libinit.o(.ARM.Collect$$libinit$$00000000) refers (Special) to libinit2.o(.ARM.Collect$$libinit$$0000001B) for __rt_lib_init_signal_1
    libinit.o(.ARM.Collect$$libinit$$00000000) refers (Special) to libinit2.o(.ARM.Collect$$libinit$$00000023) for __rt_lib_init_stdio_1
    libinit.o(.ARM.Collect$$libinit$$00000000) refers (Special) to libinit2.o(.ARM.Collect$$libinit$$0000000A) for __rt_lib_init_user_alloc_1
    libspace.o(.text) refers to libspace.o(.bss) for __libspace_start
    rtexit.o(.ARM.Collect$$rtexit$$00000000) refers (Special) to rtexit2.o(.ARM.Collect$$rtexit$$00000004) for __rt_exit_exit
    rtexit.o(.ARM.Collect$$rtexit$$00000000) refers (Special) to rtexit2.o(.ARM.Collect$$rtexit$$00000003) for __rt_exit_ls
    rtexit.o(.ARM.Collect$$rtexit$$00000000) refers (Special) to rtexit2.o(.ARM.Collect$$rtexit$$00000002) for __rt_exit_prels_1
    rtexit.o(.ARM.exidx) refers (Special) to rtexit2.o(.ARM.Collect$$rtexit$$00000004) for __rt_exit_exit
    rtexit.o(.ARM.exidx) refers (Special) to rtexit2.o(.ARM.Collect$$rtexit$$00000003) for __rt_exit_ls
    rtexit.o(.ARM.exidx) refers (Special) to rtexit2.o(.ARM.Collect$$rtexit$$00000002) for __rt_exit_prels_1
    rtexit.o(.ARM.exidx) refers to rtexit.o(.ARM.Collect$$rtexit$$00000000) for .ARM.Collect$$rtexit$$00000000
    libinit2.o(.ARM.Collect$$libinit$$00000001) refers to fpinit.o(x$fpl$fpinit) for _fp_init
    libinit2.o(.ARM.Collect$$libinit$$0000000E) refers to libinit2.o(.ARM.Collect$$libinit$$0000000D) for .ARM.Collect$$libinit$$0000000D
    libinit2.o(.ARM.Collect$$libinit$$00000010) refers to libinit2.o(.ARM.Collect$$libinit$$0000000D) for .ARM.Collect$$libinit$$0000000D
    libinit2.o(.ARM.Collect$$libinit$$00000012) refers to libinit2.o(.ARM.Collect$$libinit$$0000000D) for .ARM.Collect$$libinit$$0000000D
    libinit2.o(.ARM.Collect$$libinit$$00000014) refers to libinit2.o(.ARM.Collect$$libinit$$0000000D) for .ARM.Collect$$libinit$$0000000D
    libinit2.o(.ARM.Collect$$libinit$$00000016) refers to libinit2.o(.ARM.Collect$$libinit$$0000000D) for .ARM.Collect$$libinit$$0000000D
    libinit2.o(.ARM.Collect$$libinit$$00000024) refers to argv_veneer.o(.emb_text) for __ARM_argv_veneer
    libinit2.o(.ARM.Collect$$libinit$$00000025) refers to argv_veneer.o(.emb_text) for __ARM_argv_veneer
    rtexit2.o(.ARM.Collect$$rtexit$$00000003) refers to libshutdown.o(.ARM.Collect$$libshutdown$$00000000) for __rt_lib_shutdown
    rtexit2.o(.ARM.Collect$$rtexit$$00000004) refers to sys_exit.o(.text) for _sys_exit
    rtexit2.o(.ARM.exidx) refers to rtexit2.o(.ARM.Collect$$rtexit$$00000001) for .ARM.Collect$$rtexit$$00000001
    rtexit2.o(.ARM.exidx) refers to rtexit2.o(.ARM.Collect$$rtexit$$00000003) for .ARM.Collect$$rtexit$$00000003
    rtexit2.o(.ARM.exidx) refers to rtexit2.o(.ARM.Collect$$rtexit$$00000004) for .ARM.Collect$$rtexit$$00000004
    argv_veneer.o(.emb_text) refers to no_argv.o(.text) for __ARM_get_argv
    sys_exit.o(.text) refers (Special) to use_no_semi.o(.text) for __I$use$semihosting
    sys_exit.o(.text) refers (Special) to indicate_semi.o(.text) for __semihosting_library_function
    _get_argv_nomalloc.o(.text) refers (Special) to hrguard.o(.text) for __heap_region$guard
    _get_argv_nomalloc.o(.text) refers to defsig_rtmem_outer.o(.text) for __rt_SIGRTMEM
    _get_argv_nomalloc.o(.text) refers to sys_command.o(.text) for _sys_command_string
    libshutdown.o(.ARM.Collect$$libshutdown$$00000000) refers (Special) to libshutdown2.o(.ARM.Collect$$libshutdown$$00000006) for __rt_lib_shutdown_fp_trap_1
    libshutdown.o(.ARM.Collect$$libshutdown$$00000000) refers (Special) to libshutdown2.o(.ARM.Collect$$libshutdown$$0000000E) for __rt_lib_shutdown_heap_1
    libshutdown.o(.ARM.Collect$$libshutdown$$00000000) refers (Special) to libshutdown2.o(.ARM.Collect$$libshutdown$$0000000F) for __rt_lib_shutdown_return
    libshutdown.o(.ARM.Collect$$libshutdown$$00000000) refers (Special) to libshutdown2.o(.ARM.Collect$$libshutdown$$00000009) for __rt_lib_shutdown_signal_1
    libshutdown.o(.ARM.Collect$$libshutdown$$00000000) refers (Special) to libshutdown2.o(.ARM.Collect$$libshutdown$$00000003) for __rt_lib_shutdown_stdio_1
    libshutdown.o(.ARM.Collect$$libshutdown$$00000000) refers (Special) to libshutdown2.o(.ARM.Collect$$libshutdown$$0000000B) for __rt_lib_shutdown_user_alloc_1
    sys_command.o(.text) refers (Special) to use_no_semi.o(.text) for __I$use$semihosting
    sys_command.o(.text) refers (Special) to indicate_semi.o(.text) for __semihosting_library_function
    defsig_rtmem_outer.o(.text) refers to defsig_rtmem_inner.o(.text) for __rt_SIGRTMEM_inner
    defsig_rtmem_outer.o(.text) refers to defsig_exit.o(.text) for __sig_exit
    defsig_rtmem_formal.o(.text) refers to rt_raise.o(.text) for __rt_raise
    rt_raise.o(.text) refers to __raise.o(.text) for __raise
    rt_raise.o(.text) refers to sys_exit.o(.text) for _sys_exit
    defsig_exit.o(.text) refers to sys_exit.o(.text) for _sys_exit
    defsig_rtmem_inner.o(.text) refers to defsig_general.o(.text) for __default_signal_display
    __raise.o(.text) refers to defsig.o(CL$$defsig) for __default_signal_handler
    defsig_general.o(.text) refers to sys_wrch.o(.text) for _ttywrch
    sys_wrch.o(.text) refers (Special) to use_no_semi.o(.text) for __I$use$semihosting
    sys_wrch.o(.text) refers (Special) to indicate_semi.o(.text) for __semihosting_library_function
    defsig.o(CL$$defsig) refers to defsig_rtmem_inner.o(.text) for __rt_SIGRTMEM_inner
    defsig_abrt_inner.o(.text) refers to defsig_general.o(.text) for __default_signal_display
    defsig_fpe_inner.o(.text) refers to defsig_general.o(.text) for __default_signal_display
    defsig_rtred_inner.o(.text) refers to defsig_general.o(.text) for __default_signal_display
    defsig_stak_inner.o(.text) refers to defsig_general.o(.text) for __default_signal_display
    defsig_pvfn_inner.o(.text) refers to defsig_general.o(.text) for __default_signal_display
    defsig_cppl_inner.o(.text) refers to defsig_general.o(.text) for __default_signal_display
    defsig_segv_inner.o(.text) refers to defsig_general.o(.text) for __default_signal_display
    defsig_other.o(.text) refers to defsig_general.o(.text) for __default_signal_display


==============================================================================

Image Symbol Table

    Local Symbols

    Symbol Name                              Value     Ov Type        Size  Object(Section)

    RESET                                    0x00000000   Section      648  startup_tm4c123.o(RESET)
    ../clib/angel/boardlib.s                 0x00000000   Number         0  boardshut.o ABSOLUTE
    ../clib/angel/boardlib.s                 0x00000000   Number         0  boardinit2.o ABSOLUTE
    ../clib/angel/boardlib.s                 0x00000000   Number         0  boardinit1.o ABSOLUTE
    ../clib/angel/boardlib.s                 0x00000000   Number         0  boardinit3.o ABSOLUTE
    ../clib/angel/dczerorl.s                 0x00000000   Number         0  __dczerorl.o ABSOLUTE
    ../clib/angel/handlers.s                 0x00000000   Number         0  __scatter_zi.o ABSOLUTE
    ../clib/angel/kernel.s                   0x00000000   Number         0  rtexit2.o ABSOLUTE
    ../clib/angel/kernel.s                   0x00000000   Number         0  rtentry2.o ABSOLUTE
    ../clib/angel/kernel.s                   0x00000000   Number         0  rtentry4.o ABSOLUTE
    ../clib/angel/kernel.s                   0x00000000   Number         0  rtexit.o ABSOLUTE
    ../clib/angel/kernel.s                   0x00000000   Number         0  rtentry.o ABSOLUTE
    ../clib/angel/rt.s                       0x00000000   Number         0  rt_raise.o ABSOLUTE
    ../clib/angel/scatter.s                  0x00000000   Number         0  __scatter.o ABSOLUTE
    ../clib/angel/startup.s                  0x00000000   Number         0  __main.o ABSOLUTE
    ../clib/angel/sys.s                      0x00000000   Number         0  sys_stackheap_outer.o ABSOLUTE
    ../clib/angel/sys.s                      0x00000000   Number         0  indicate_semi.o ABSOLUTE
    ../clib/angel/sys.s                      0x00000000   Number         0  use_no_semi.o ABSOLUTE
    ../clib/angel/sys.s                      0x00000000   Number         0  libspace.o ABSOLUTE
    ../clib/angel/sysapp.c                   0x00000000   Number         0  sys_command.o ABSOLUTE
    ../clib/angel/sysapp.c                   0x00000000   Number         0  sys_wrch.o ABSOLUTE
    ../clib/angel/sysapp.c                   0x00000000   Number         0  sys_exit.o ABSOLUTE
    ../clib/armsys.c                         0x00000000   Number         0  no_argv.o ABSOLUTE
    ../clib/armsys.c                         0x00000000   Number         0  _get_argv_nomalloc.o ABSOLUTE
    ../clib/armsys.c                         0x00000000   Number         0  argv_veneer.o ABSOLUTE
    ../clib/armsys.c                         0x00000000   Number         0  argv_veneer.o ABSOLUTE
    ../clib/heapalloc.c                      0x00000000   Number         0  hrguard.o ABSOLUTE
    ../clib/heapaux.c                        0x00000000   Number         0  heapauxi.o ABSOLUTE
    ../clib/libinit.s                        0x00000000   Number         0  libshutdown2.o ABSOLUTE
    ../clib/libinit.s                        0x00000000   Number         0  libinit2.o ABSOLUTE
    ../clib/libinit.s                        0x00000000   Number         0  libinit.o ABSOLUTE
    ../clib/libinit.s                        0x00000000   Number         0  libshutdown.o ABSOLUTE
    ../clib/memcpset.s                       0x00000000   Number         0  aeabi_memset.o ABSOLUTE
    ../clib/memcpset.s                       0x00000000   Number         0  rt_memclr.o ABSOLUTE
    ../clib/memcpset.s                       0x00000000   Number         0  rt_memclr_w.o ABSOLUTE
    ../clib/signal.c                         0x00000000   Number         0  defsig_exit.o ABSOLUTE
    ../clib/signal.c                         0x00000000   Number         0  defsig_rtred_inner.o ABSOLUTE
    ../clib/signal.c                         0x00000000   Number         0  defsig_stak_inner.o ABSOLUTE
    ../clib/signal.c                         0x00000000   Number         0  defsig_pvfn_inner.o ABSOLUTE
    ../clib/signal.c                         0x00000000   Number         0  defsig_cppl_inner.o ABSOLUTE
    ../clib/signal.c                         0x00000000   Number         0  defsig_segv_inner.o ABSOLUTE
    ../clib/signal.c                         0x00000000   Number         0  defsig_other.o ABSOLUTE
    ../clib/signal.c                         0x00000000   Number         0  defsig_fpe_inner.o ABSOLUTE
    ../clib/signal.c                         0x00000000   Number         0  defsig_rtmem_formal.o ABSOLUTE
    ../clib/signal.c                         0x00000000   Number         0  defsig_rtmem_outer.o ABSOLUTE
    ../clib/signal.c                         0x00000000   Number         0  defsig_general.o ABSOLUTE
    ../clib/signal.c                         0x00000000   Number         0  defsig_rtmem_inner.o ABSOLUTE
    ../clib/signal.c                         0x00000000   Number         0  __raise.o ABSOLUTE
    ../clib/signal.c                         0x00000000   Number         0  defsig_abrt_inner.o ABSOLUTE
    ../clib/signal.s                         0x00000000   Number         0  defsig.o ABSOLUTE
    ../clib/stdlib.c                         0x00000000   Number         0  exit.o ABSOLUTE
    ../fplib/fpinit.s                        0x00000000   Number         0  fpinit.o ABSOLUTE
    Application\BlinkingLED_SWC.c            0x00000000   Number         0  blinkingled_swc.o ABSOLUTE
    Application\PushButton_SWC.c             0x00000000   Number         0  pushbutton_swc.o ABSOLUTE
    FreeRTOS\Source\list.c                   0x00000000   Number         0  list.o ABSOLUTE
    FreeRTOS\Source\portable\MemMang\heap_2.c 0x00000000   Number         0  heap_2.o ABSOLUTE
    FreeRTOS\Source\portable\RVDS\ARM_CM4F\port.c 0x00000000   Number         0  port.o ABSOLUTE
    FreeRTOS\Source\tasks.c                  0x00000000   Number         0  tasks.o ABSOLUTE
    FreeRTOS\\Source\\portable\\RVDS\\ARM_CM4F\\port.c 0x00000000   Number         0  port.o ABSOLUTE
    HwAb\HwAb.c                              0x00000000   Number         0  hwab.o ABSOLUTE
    RTE\RTE.c                                0x00000000   Number         0  rte.o ABSOLUTE
    Tivaware\\driverlib\\cpu.c               0x00000000   Number         0  cpu.o ABSOLUTE
    Tivaware\\driverlib\\sysctl.c            0x00000000   Number         0  sysctl.o ABSOLUTE
    Tivaware\driverlib\cpu.c                 0x00000000   Number         0  cpu.o ABSOLUTE
    Tivaware\driverlib\gpio.c                0x00000000   Number         0  gpio.o ABSOLUTE
    Tivaware\driverlib\interrupt.c           0x00000000   Number         0  interrupt.o ABSOLUTE
    Tivaware\driverlib\sysctl.c              0x00000000   Number         0  sysctl.o ABSOLUTE
    dc.s                                     0x00000000   Number         0  dc.o ABSOLUTE
    main.c                                   0x00000000   Number         0  main.o ABSOLUTE
    startup_TM4C123.s                        0x00000000   Number         0  startup_tm4c123.o ABSOLUTE
    $v0                                      0x0000026c   Number         0  startup_tm4c123.o(RESET)
    NmiSR                                    0x00000281   Thumb Code     0  startup_tm4c123.o(RESET)
    FaultISR                                 0x00000283   Thumb Code     0  startup_tm4c123.o(RESET)
    IntDefaultHandler                        0x00000285   Thumb Code     0  startup_tm4c123.o(RESET)
    !!!main                                  0x00000288   Section        8  __main.o(!!!main)
    !!!scatter                               0x00000290   Section       52  __scatter.o(!!!scatter)
    !!dczerorl                               0x000002c4   Section       58  __dczerorl.o(!!dczerorl)
    !!handler_zi                             0x00000300   Section       28  __scatter_zi.o(!!handler_zi)
    .ARM.Collect$$libinit$$00000000          0x0000031c   Section        2  libinit.o(.ARM.Collect$$libinit$$00000000)
    .ARM.Collect$$libinit$$00000001          0x0000031e   Section        4  libinit2.o(.ARM.Collect$$libinit$$00000001)
    .ARM.Collect$$libinit$$00000008          0x00000322   Section        0  libinit2.o(.ARM.Collect$$libinit$$00000008)
    .ARM.Collect$$libinit$$0000000A          0x00000322   Section        0  libinit2.o(.ARM.Collect$$libinit$$0000000A)
    .ARM.Collect$$libinit$$0000000C          0x00000322   Section        0  libinit2.o(.ARM.Collect$$libinit$$0000000C)
    .ARM.Collect$$libinit$$0000000F          0x00000322   Section        0  libinit2.o(.ARM.Collect$$libinit$$0000000F)
    .ARM.Collect$$libinit$$00000011          0x00000322   Section        0  libinit2.o(.ARM.Collect$$libinit$$00000011)
    .ARM.Collect$$libinit$$00000013          0x00000322   Section        0  libinit2.o(.ARM.Collect$$libinit$$00000013)
    .ARM.Collect$$libinit$$00000015          0x00000322   Section        0  libinit2.o(.ARM.Collect$$libinit$$00000015)
    .ARM.Collect$$libinit$$00000017          0x00000322   Section        0  libinit2.o(.ARM.Collect$$libinit$$00000017)
    .ARM.Collect$$libinit$$00000019          0x00000322   Section        0  libinit2.o(.ARM.Collect$$libinit$$00000019)
    .ARM.Collect$$libinit$$0000001B          0x00000322   Section        0  libinit2.o(.ARM.Collect$$libinit$$0000001B)
    .ARM.Collect$$libinit$$0000001D          0x00000322   Section        0  libinit2.o(.ARM.Collect$$libinit$$0000001D)
    .ARM.Collect$$libinit$$0000001F          0x00000322   Section        0  libinit2.o(.ARM.Collect$$libinit$$0000001F)
    .ARM.Collect$$libinit$$00000021          0x00000322   Section        0  libinit2.o(.ARM.Collect$$libinit$$00000021)
    .ARM.Collect$$libinit$$00000023          0x00000322   Section        0  libinit2.o(.ARM.Collect$$libinit$$00000023)
    .ARM.Collect$$libinit$$0000002A          0x00000322   Section        0  libinit2.o(.ARM.Collect$$libinit$$0000002A)
    .ARM.Collect$$libinit$$0000002C          0x00000322   Section        0  libinit2.o(.ARM.Collect$$libinit$$0000002C)
    .ARM.Collect$$libinit$$0000002E          0x00000322   Section        0  libinit2.o(.ARM.Collect$$libinit$$0000002E)
    .ARM.Collect$$libinit$$00000030          0x00000322   Section        0  libinit2.o(.ARM.Collect$$libinit$$00000030)
    .ARM.Collect$$libinit$$00000031          0x00000322   Section        2  libinit2.o(.ARM.Collect$$libinit$$00000031)
    .ARM.Collect$$libshutdown$$00000000      0x00000324   Section        2  libshutdown.o(.ARM.Collect$$libshutdown$$00000000)
    .ARM.Collect$$libshutdown$$00000003      0x00000326   Section        0  libshutdown2.o(.ARM.Collect$$libshutdown$$00000003)
    .ARM.Collect$$libshutdown$$00000006      0x00000326   Section        0  libshutdown2.o(.ARM.Collect$$libshutdown$$00000006)
    .ARM.Collect$$libshutdown$$00000009      0x00000326   Section        0  libshutdown2.o(.ARM.Collect$$libshutdown$$00000009)
    .ARM.Collect$$libshutdown$$0000000B      0x00000326   Section        0  libshutdown2.o(.ARM.Collect$$libshutdown$$0000000B)
    .ARM.Collect$$libshutdown$$0000000E      0x00000326   Section        0  libshutdown2.o(.ARM.Collect$$libshutdown$$0000000E)
    .ARM.Collect$$libshutdown$$0000000F      0x00000326   Section        2  libshutdown2.o(.ARM.Collect$$libshutdown$$0000000F)
    .ARM.Collect$$rtentry$$00000000          0x00000328   Section        0  rtentry.o(.ARM.Collect$$rtentry$$00000000)
    .ARM.Collect$$rtentry$$00000002          0x00000328   Section        0  rtentry2.o(.ARM.Collect$$rtentry$$00000002)
    .ARM.Collect$$rtentry$$00000004          0x00000328   Section        6  rtentry4.o(.ARM.Collect$$rtentry$$00000004)
    .ARM.Collect$$rtentry$$00000009          0x0000032e   Section        0  rtentry2.o(.ARM.Collect$$rtentry$$00000009)
    .ARM.Collect$$rtentry$$0000000A          0x0000032e   Section        4  rtentry2.o(.ARM.Collect$$rtentry$$0000000A)
    .ARM.Collect$$rtentry$$0000000C          0x00000332   Section        0  rtentry2.o(.ARM.Collect$$rtentry$$0000000C)
    .ARM.Collect$$rtentry$$0000000D          0x00000332   Section        8  rtentry2.o(.ARM.Collect$$rtentry$$0000000D)
    .ARM.Collect$$rtexit$$00000000           0x0000033a   Section        2  rtexit.o(.ARM.Collect$$rtexit$$00000000)
    .ARM.Collect$$rtexit$$00000002           0x0000033c   Section        0  rtexit2.o(.ARM.Collect$$rtexit$$00000002)
    .ARM.Collect$$rtexit$$00000003           0x0000033c   Section        4  rtexit2.o(.ARM.Collect$$rtexit$$00000003)
    .ARM.Collect$$rtexit$$00000004           0x00000340   Section        6  rtexit2.o(.ARM.Collect$$rtexit$$00000004)
    .emb_text                                0x00000348   Section        6  sysctl.o(.emb_text)
    $v0                                      0x00000348   Number         0  sysctl.o(.emb_text)
    .emb_text                                0x00000350   Section       38  cpu.o(.emb_text)
    $v0                                      0x00000350   Number         0  cpu.o(.emb_text)
    .emb_text                                0x00000378   Section      182  port.o(.emb_text)
    $v0                                      0x00000378   Number         0  port.o(.emb_text)
    .text                                    0x00000430   Section       24  startup_tm4c123.o(.text)
    $v0                                      0x00000430   Number         0  startup_tm4c123.o(.text)
    .text                                    0x00000448   Section        0  main.o(.text)
    .text                                    0x00000508   Section        0  gpio.o(.text)
    _GPIOIntNumberGet                        0x00000509   Thumb Code    56  gpio.o(.text)
    .text                                    0x00000d8c   Section        0  sysctl.o(.text)
    _SysCtlMemTimingGet                      0x00000d8d   Thumb Code    36  sysctl.o(.text)
    _SysCtlFrequencyGet                      0x00000db1   Thumb Code    96  sysctl.o(.text)
    .text                                    0x00001988   Section        0  interrupt.o(.text)
    _IntDefaultHandler                       0x00001989   Thumb Code     4  interrupt.o(.text)
    .text                                    0x00001cb8   Section        0  port.o(.text)
    prvTaskExitError                         0x00001cb9   Thumb Code    22  port.o(.text)
    .text                                    0x00001db8   Section        0  tasks.o(.text)
    prvInitialiseTaskLists                   0x00001db9   Thumb Code    58  tasks.o(.text)
    prvInitialiseTCBVariables                0x00001df3   Thumb Code    98  tasks.o(.text)
    prvAllocateTCBAndStack                   0x00001e55   Thumb Code    66  tasks.o(.text)
    prvResetNextTaskUnblockTime              0x00001f89   Thumb Code    42  tasks.o(.text)
    prvAddCurrentTaskToDelayedList           0x00002169   Thumb Code   136  tasks.o(.text)
    prvCheckTasksWaitingTermination          0x00002251   Thumb Code     2  tasks.o(.text)
    prvIdleTask                              0x00002253   Thumb Code     8  tasks.o(.text)
    prvTaskCheckFreeStackSpace               0x000022d9   Thumb Code    22  tasks.o(.text)
    prvListTaskWithinSingleList              0x000022ef   Thumb Code   158  tasks.o(.text)
    .text                                    0x00002b84   Section        0  list.o(.text)
    .text                                    0x00002c18   Section        0  heap_2.o(.text)
    prvHeapInit                              0x00002c19   Thumb Code    42  heap_2.o(.text)
    .text                                    0x00002d3c   Section        0  blinkingled_swc.o(.text)
    .text                                    0x00002d74   Section        0  pushbutton_swc.o(.text)
    .text                                    0x00002da8   Section        0  hwab.o(.text)
    .text                                    0x00002e5c   Section        0  rte.o(.text)
    .text                                    0x00002e80   Section       16  aeabi_memset.o(.text)
    .text                                    0x00002e90   Section        0  heapauxi.o(.text)
    .text                                    0x00002e96   Section       68  rt_memclr.o(.text)
    .text                                    0x00002eda   Section       78  rt_memclr_w.o(.text)
    .text                                    0x00002f28   Section       74  sys_stackheap_outer.o(.text)
    .text                                    0x00002f72   Section        0  exit.o(.text)
    .text                                    0x00002f80   Section        8  libspace.o(.text)
    .text                                    0x00002f88   Section        0  sys_exit.o(.text)
    .text                                    0x00002f94   Section        2  use_no_semi.o(.text)
    .text                                    0x00002f96   Section        0  indicate_semi.o(.text)
    x$fpl$fpinit                             0x00002f96   Section       10  fpinit.o(x$fpl$fpinit)
    $v0                                      0x00002f96   Number         0  fpinit.o(x$fpl$fpinit)
    .constdata                               0x00002fa0   Section      552  gpio.o(.constdata)
    g_ppui32GPIOIntMapBlizzard               0x00002fa0   Data         192  gpio.o(.constdata)
    g_ppui32GPIOIntMapSnowflake              0x00003060   Data         216  gpio.o(.constdata)
    g_pui32GPIOBaseAddrs                     0x00003138   Data         144  gpio.o(.constdata)
    .constdata                               0x000031c8   Section      596  sysctl.o(.constdata)
    g_pui32Xtals                             0x000031c8   Data         108  sysctl.o(.constdata)
    g_pppui32XTALtoVCO                       0x00003234   Data         432  sysctl.o(.constdata)
    g_sXTALtoMEMTIM                          0x000033e4   Data          48  sysctl.o(.constdata)
    g_pui32VCOFrequencies                    0x00003414   Data           8  sysctl.o(.constdata)
    .constdata                               0x0000341c   Section      268  interrupt.o(.constdata)
    g_pui32Priority                          0x0000341c   Data          32  interrupt.o(.constdata)
    g_pui32Regs                              0x0000343c   Data         156  interrupt.o(.constdata)
    g_pui32EnRegs                            0x000034d8   Data          20  interrupt.o(.constdata)
    g_pui32Dii16Regs                         0x000034ec   Data          20  interrupt.o(.constdata)
    g_pui32PendRegs                          0x00003500   Data          20  interrupt.o(.constdata)
    g_pui32UnpendRegs                        0x00003514   Data          20  interrupt.o(.constdata)
    .data                                    0x20000000   Section       16  main.o(.data)
    .data                                    0x20000010   Section        4  port.o(.data)
    uxCriticalNesting                        0x20000010   Data           4  port.o(.data)
    .data                                    0x20000014   Section       52  tasks.o(.data)
    uxCurrentNumberOfTasks                   0x20000018   Data           4  tasks.o(.data)
    xTickCount                               0x2000001c   Data           4  tasks.o(.data)
    uxTopReadyPriority                       0x20000020   Data           4  tasks.o(.data)
    xSchedulerRunning                        0x20000024   Data           4  tasks.o(.data)
    uxPendedTicks                            0x20000028   Data           4  tasks.o(.data)
    xYieldPending                            0x2000002c   Data           4  tasks.o(.data)
    xNumOfOverflows                          0x20000030   Data           4  tasks.o(.data)
    uxTaskNumber                             0x20000034   Data           4  tasks.o(.data)
    xNextTaskUnblockTime                     0x20000038   Data           4  tasks.o(.data)
    uxSchedulerSuspended                     0x2000003c   Data           4  tasks.o(.data)
    pxDelayedTaskList                        0x20000040   Data           4  tasks.o(.data)
    pxOverflowDelayedTaskList                0x20000044   Data           4  tasks.o(.data)
    .data                                    0x20000048   Section       24  heap_2.o(.data)
    xFreeBytesRemaining                      0x20000048   Data           4  heap_2.o(.data)
    xHeapHasBeenInitialised                  0x2000004c   Data           4  heap_2.o(.data)
    xStart                                   0x20000050   Data           8  heap_2.o(.data)
    xEnd                                     0x20000058   Data           8  heap_2.o(.data)
    .data                                    0x20000060   Section        1  blinkingled_swc.o(.data)
    state                                    0x20000060   Data           1  blinkingled_swc.o(.data)
    .data                                    0x20000061   Section        7  pushbutton_swc.o(.data)
    color_index                              0x20000067   Data           1  pushbutton_swc.o(.data)
    .data                                    0x20000068   Section        1  rte.o(.data)
    vtable                                   0x20000400   Section      620  interrupt.o(vtable)
    g_pfnRAMVectors                          0x20000400   Data         620  interrupt.o(vtable)
    .bss                                     0x2000066c   Section      380  tasks.o(.bss)
    pxReadyTasksLists                        0x2000066c   Data         320  tasks.o(.bss)
    xDelayedTaskList1                        0x200007ac   Data          20  tasks.o(.bss)
    xDelayedTaskList2                        0x200007c0   Data          20  tasks.o(.bss)
    xPendingReadyList                        0x200007d4   Data          20  tasks.o(.bss)
    .bss                                     0x200007e8   Section    30000  heap_2.o(.bss)
    ucHeap                                   0x200007e8   Data       30000  heap_2.o(.bss)
    .bss                                     0x20007d18   Section       96  libspace.o(.bss)
    HEAP                                     0x20007d78   Section        0  startup_tm4c123.o(HEAP)
    STACK                                    0x20007d78   Section      512  startup_tm4c123.o(STACK)
    HeapMem                                  0x20007d78   Data           0  startup_tm4c123.o(HEAP)
    StackMem                                 0x20007d78   Data           0  startup_tm4c123.o(STACK)

    Global Symbols

    Symbol Name                              Value     Ov Type        Size  Object(Section)

    BuildAttributes$$THM_ISAv4$E$P$D$K$B$S$7EM$VFPi3$EXTD16$VFPS$VFMA$PE$A:L22UL41UL21$X:L11$S22US41US21$IEEE1$IW$USESV6$~STKCKD$USESV7$~SHL$OSPACE$ROPI$EBA8$UX$STANDARDLIB$REQ8$PRES8$EABIv2 0x00000000   Number         0  anon$$obj.o ABSOLUTE
    __ARM_use_no_argv                        0x00000000   Number         0  main.o ABSOLUTE
    __Vectors                                0x00000000   Data           0  startup_tm4c123.o(RESET)
    __ARM_exceptions_init                     - Undefined Weak Reference
    __alloca_initialize                       - Undefined Weak Reference
    __cpp_initialize__aeabi_                  - Undefined Weak Reference
    __cxa_finalize                            - Undefined Weak Reference
    __rt_locale                               - Undefined Weak Reference
    __sigvec_lookup                           - Undefined Weak Reference
    _atexit_init                              - Undefined Weak Reference
    _call_atexit_fns                          - Undefined Weak Reference
    _clock_init                               - Undefined Weak Reference
    _fp_trap_init                             - Undefined Weak Reference
    _fp_trap_shutdown                         - Undefined Weak Reference
    _get_lc_collate                           - Undefined Weak Reference
    _get_lc_ctype                             - Undefined Weak Reference
    _get_lc_monetary                          - Undefined Weak Reference
    _get_lc_numeric                           - Undefined Weak Reference
    _get_lc_time                              - Undefined Weak Reference
    _getenv_init                              - Undefined Weak Reference
    _handle_redirection                       - Undefined Weak Reference
    _init_alloc                               - Undefined Weak Reference
    _init_user_alloc                          - Undefined Weak Reference
    _initio                                   - Undefined Weak Reference
    _rand_init                                - Undefined Weak Reference
    _signal_finish                            - Undefined Weak Reference
    _signal_init                              - Undefined Weak Reference
    _terminate_alloc                          - Undefined Weak Reference
    _terminate_user_alloc                     - Undefined Weak Reference
    _terminateio                              - Undefined Weak Reference
    Reset_Handler                            0x0000026d   Thumb Code     0  startup_tm4c123.o(RESET)
    __main                                   0x00000289   Thumb Code     8  __main.o(!!!main)
    __scatterload                            0x00000291   Thumb Code     0  __scatter.o(!!!scatter)
    __scatterload_rt2                        0x00000291   Thumb Code    44  __scatter.o(!!!scatter)
    __scatterload_rt2_thumb_only             0x00000291   Thumb Code     0  __scatter.o(!!!scatter)
    __scatterload_null                       0x0000029f   Thumb Code     0  __scatter.o(!!!scatter)
    __decompress                             0x000002c5   Thumb Code    58  __dczerorl.o(!!dczerorl)
    __decompress0                            0x000002c5   Thumb Code     0  __dczerorl.o(!!dczerorl)
    __scatterload_zeroinit                   0x00000301   Thumb Code    28  __scatter_zi.o(!!handler_zi)
    __rt_lib_init                            0x0000031d   Thumb Code     0  libinit.o(.ARM.Collect$$libinit$$00000000)
    __rt_lib_init_fp_1                       0x0000031f   Thumb Code     0  libinit2.o(.ARM.Collect$$libinit$$00000001)
    __rt_lib_init_alloca_1                   0x00000323   Thumb Code     0  libinit2.o(.ARM.Collect$$libinit$$0000002C)
    __rt_lib_init_argv_1                     0x00000323   Thumb Code     0  libinit2.o(.ARM.Collect$$libinit$$0000002A)
    __rt_lib_init_atexit_1                   0x00000323   Thumb Code     0  libinit2.o(.ARM.Collect$$libinit$$00000019)
    __rt_lib_init_clock_1                    0x00000323   Thumb Code     0  libinit2.o(.ARM.Collect$$libinit$$0000001F)
    __rt_lib_init_cpp_1                      0x00000323   Thumb Code     0  libinit2.o(.ARM.Collect$$libinit$$00000030)
    __rt_lib_init_exceptions_1               0x00000323   Thumb Code     0  libinit2.o(.ARM.Collect$$libinit$$0000002E)
    __rt_lib_init_fp_trap_1                  0x00000323   Thumb Code     0  libinit2.o(.ARM.Collect$$libinit$$0000001D)
    __rt_lib_init_getenv_1                   0x00000323   Thumb Code     0  libinit2.o(.ARM.Collect$$libinit$$00000021)
    __rt_lib_init_heap_1                     0x00000323   Thumb Code     0  libinit2.o(.ARM.Collect$$libinit$$00000008)
    __rt_lib_init_lc_collate_1               0x00000323   Thumb Code     0  libinit2.o(.ARM.Collect$$libinit$$0000000F)
    __rt_lib_init_lc_ctype_1                 0x00000323   Thumb Code     0  libinit2.o(.ARM.Collect$$libinit$$00000011)
    __rt_lib_init_lc_monetary_1              0x00000323   Thumb Code     0  libinit2.o(.ARM.Collect$$libinit$$00000013)
    __rt_lib_init_lc_numeric_1               0x00000323   Thumb Code     0  libinit2.o(.ARM.Collect$$libinit$$00000015)
    __rt_lib_init_lc_time_1                  0x00000323   Thumb Code     0  libinit2.o(.ARM.Collect$$libinit$$00000017)
    __rt_lib_init_rand_1                     0x00000323   Thumb Code     0  libinit2.o(.ARM.Collect$$libinit$$0000000C)
    __rt_lib_init_return                     0x00000323   Thumb Code     0  libinit2.o(.ARM.Collect$$libinit$$00000031)
    __rt_lib_init_signal_1                   0x00000323   Thumb Code     0  libinit2.o(.ARM.Collect$$libinit$$0000001B)
    __rt_lib_init_stdio_1                    0x00000323   Thumb Code     0  libinit2.o(.ARM.Collect$$libinit$$00000023)
    __rt_lib_init_user_alloc_1               0x00000323   Thumb Code     0  libinit2.o(.ARM.Collect$$libinit$$0000000A)
    __rt_lib_shutdown                        0x00000325   Thumb Code     0  libshutdown.o(.ARM.Collect$$libshutdown$$00000000)
    __rt_lib_shutdown_fp_trap_1              0x00000327   Thumb Code     0  libshutdown2.o(.ARM.Collect$$libshutdown$$00000006)
    __rt_lib_shutdown_heap_1                 0x00000327   Thumb Code     0  libshutdown2.o(.ARM.Collect$$libshutdown$$0000000E)
    __rt_lib_shutdown_return                 0x00000327   Thumb Code     0  libshutdown2.o(.ARM.Collect$$libshutdown$$0000000F)
    __rt_lib_shutdown_signal_1               0x00000327   Thumb Code     0  libshutdown2.o(.ARM.Collect$$libshutdown$$00000009)
    __rt_lib_shutdown_stdio_1                0x00000327   Thumb Code     0  libshutdown2.o(.ARM.Collect$$libshutdown$$00000003)
    __rt_lib_shutdown_user_alloc_1           0x00000327   Thumb Code     0  libshutdown2.o(.ARM.Collect$$libshutdown$$0000000B)
    __rt_entry                               0x00000329   Thumb Code     0  rtentry.o(.ARM.Collect$$rtentry$$00000000)
    __rt_entry_presh_1                       0x00000329   Thumb Code     0  rtentry2.o(.ARM.Collect$$rtentry$$00000002)
    __rt_entry_sh                            0x00000329   Thumb Code     0  rtentry4.o(.ARM.Collect$$rtentry$$00000004)
    __rt_entry_li                            0x0000032f   Thumb Code     0  rtentry2.o(.ARM.Collect$$rtentry$$0000000A)
    __rt_entry_postsh_1                      0x0000032f   Thumb Code     0  rtentry2.o(.ARM.Collect$$rtentry$$00000009)
    __rt_entry_main                          0x00000333   Thumb Code     0  rtentry2.o(.ARM.Collect$$rtentry$$0000000D)
    __rt_entry_postli_1                      0x00000333   Thumb Code     0  rtentry2.o(.ARM.Collect$$rtentry$$0000000C)
    __rt_exit                                0x0000033b   Thumb Code     0  rtexit.o(.ARM.Collect$$rtexit$$00000000)
    __rt_exit_ls                             0x0000033d   Thumb Code     0  rtexit2.o(.ARM.Collect$$rtexit$$00000003)
    __rt_exit_prels_1                        0x0000033d   Thumb Code     0  rtexit2.o(.ARM.Collect$$rtexit$$00000002)
    __rt_exit_exit                           0x00000341   Thumb Code     0  rtexit2.o(.ARM.Collect$$rtexit$$00000004)
    SysCtlDelay                              0x00000349   Thumb Code     6  sysctl.o(.emb_text)
    CPUcpsid                                 0x00000351   Thumb Code     8  cpu.o(.emb_text)
    CPUprimask                               0x00000359   Thumb Code     6  cpu.o(.emb_text)
    CPUcpsie                                 0x0000035f   Thumb Code     8  cpu.o(.emb_text)
    CPUwfi                                   0x00000367   Thumb Code     4  cpu.o(.emb_text)
    CPUbasepriSet                            0x0000036b   Thumb Code     6  cpu.o(.emb_text)
    CPUbasepriGet                            0x00000371   Thumb Code     6  cpu.o(.emb_text)
    vPortSVCHandler                          0x00000379   Thumb Code    28  port.o(.emb_text)
    __asm___6_port_c_39a90d8d__prvStartFirstTask 0x00000399   Thumb Code    28  port.o(.emb_text)
    __asm___6_port_c_39a90d8d__prvEnableVFP  0x000003b9   Thumb Code    16  port.o(.emb_text)
    xPortPendSVHandler                       0x000003cd   Thumb Code    88  port.o(.emb_text)
    vPortGetIPSR                             0x00000429   Thumb Code     6  port.o(.emb_text)
    __user_initial_stackheap                 0x00000431   Thumb Code     0  startup_tm4c123.o(.text)
    SystemInit                               0x00000449   Thumb Code    16  main.o(.text)
    Task_1000ms                              0x00000459   Thumb Code    36  main.o(.text)
    Task_100ms                               0x0000047d   Thumb Code    34  main.o(.text)
    main                                     0x0000049f   Thumb Code    66  main.o(.text)
    GPIODirModeSet                           0x00000541   Thumb Code    64  gpio.o(.text)
    GPIODirModeGet                           0x00000581   Thumb Code    46  gpio.o(.text)
    GPIOIntTypeSet                           0x000005af   Thumb Code   126  gpio.o(.text)
    GPIOIntTypeGet                           0x0000062d   Thumb Code    84  gpio.o(.text)
    GPIOPadConfigSet                         0x00000681   Thumb Code   410  gpio.o(.text)
    GPIOPadConfigGet                         0x0000081b   Thumb Code   252  gpio.o(.text)
    GPIOIntEnable                            0x00000917   Thumb Code    16  gpio.o(.text)
    GPIOIntDisable                           0x00000927   Thumb Code    16  gpio.o(.text)
    GPIOIntStatus                            0x00000937   Thumb Code    20  gpio.o(.text)
    GPIOIntClear                             0x0000094b   Thumb Code     8  gpio.o(.text)
    GPIOIntRegister                          0x00000953   Thumb Code    30  gpio.o(.text)
    GPIOIntUnregister                        0x00000971   Thumb Code    26  gpio.o(.text)
    GPIOIntRegisterPin                       0x0000098b   Thumb Code    36  gpio.o(.text)
    GPIOIntUnregisterPin                     0x000009af   Thumb Code    28  gpio.o(.text)
    GPIOPinRead                              0x000009cb   Thumb Code    12  gpio.o(.text)
    GPIOPinWrite                             0x000009d7   Thumb Code    10  gpio.o(.text)
    GPIOPinTypeADC                           0x000009e1   Thumb Code    30  gpio.o(.text)
    GPIOPinTypeCAN                           0x000009ff   Thumb Code    30  gpio.o(.text)
    GPIOPinTypeComparator                    0x00000a1d   Thumb Code    30  gpio.o(.text)
    GPIOPinTypeComparatorOutput              0x00000a3b   Thumb Code    30  gpio.o(.text)
    GPIOPinTypeDIVSCLK                       0x00000a59   Thumb Code    30  gpio.o(.text)
    GPIOPinTypeEPI                           0x00000a77   Thumb Code    30  gpio.o(.text)
    GPIOPinTypeEthernetLED                   0x00000a95   Thumb Code    30  gpio.o(.text)
    GPIOPinTypeEthernetMII                   0x00000ab3   Thumb Code    30  gpio.o(.text)
    GPIOPinTypeGPIOInput                     0x00000ad1   Thumb Code    30  gpio.o(.text)
    GPIOPinTypeGPIOOutput                    0x00000aef   Thumb Code    30  gpio.o(.text)
    GPIOPinTypeGPIOOutputOD                  0x00000b0d   Thumb Code    30  gpio.o(.text)
    GPIOPinTypeHibernateRTCCLK               0x00000b2b   Thumb Code    30  gpio.o(.text)
    GPIOPinTypeI2C                           0x00000b49   Thumb Code    30  gpio.o(.text)
    GPIOPinTypeI2CSCL                        0x00000b67   Thumb Code    30  gpio.o(.text)
    GPIOPinTypeLCD                           0x00000b85   Thumb Code    30  gpio.o(.text)
    GPIOPinTypeOneWire                       0x00000ba3   Thumb Code    30  gpio.o(.text)
    GPIOPinTypePWM                           0x00000bc1   Thumb Code    30  gpio.o(.text)
    GPIOPinTypeQEI                           0x00000bdf   Thumb Code    30  gpio.o(.text)
    GPIOPinTypeSSI                           0x00000bfd   Thumb Code    30  gpio.o(.text)
    GPIOPinTypeTimer                         0x00000c1b   Thumb Code    30  gpio.o(.text)
    GPIOPinTypeTrace                         0x00000c39   Thumb Code    30  gpio.o(.text)
    GPIOPinTypeUART                          0x00000c57   Thumb Code    30  gpio.o(.text)
    GPIOPinTypeUSBAnalog                     0x00000c75   Thumb Code    30  gpio.o(.text)
    GPIOPinTypeUSBDigital                    0x00000c93   Thumb Code    30  gpio.o(.text)
    GPIOPinTypeWakeHigh                      0x00000cb1   Thumb Code    32  gpio.o(.text)
    GPIOPinTypeWakeLow                       0x00000cd1   Thumb Code    32  gpio.o(.text)
    GPIOPinWakeStatus                        0x00000cf1   Thumb Code    10  gpio.o(.text)
    GPIOPinConfigure                         0x00000cfb   Thumb Code    74  gpio.o(.text)
    GPIODMATriggerEnable                     0x00000d45   Thumb Code    16  gpio.o(.text)
    GPIODMATriggerDisable                    0x00000d55   Thumb Code    16  gpio.o(.text)
    GPIOADCTriggerEnable                     0x00000d65   Thumb Code    16  gpio.o(.text)
    GPIOADCTriggerDisable                    0x00000d75   Thumb Code    16  gpio.o(.text)
    SysCtlSRAMSizeGet                        0x00000e11   Thumb Code    12  sysctl.o(.text)
    SysCtlFlashSizeGet                       0x00000e1d   Thumb Code    42  sysctl.o(.text)
    SysCtlFlashSectorSizeGet                 0x00000e47   Thumb Code    40  sysctl.o(.text)
    SysCtlPeripheralPresent                  0x00000e6f   Thumb Code    52  sysctl.o(.text)
    SysCtlPeripheralReady                    0x00000ea3   Thumb Code    52  sysctl.o(.text)
    SysCtlPeripheralPowerOn                  0x00000ed7   Thumb Code    46  sysctl.o(.text)
    SysCtlPeripheralPowerOff                 0x00000f05   Thumb Code    46  sysctl.o(.text)
    SysCtlPeripheralReset                    0x00000f33   Thumb Code   106  sysctl.o(.text)
    SysCtlPeripheralEnable                   0x00000f9d   Thumb Code    46  sysctl.o(.text)
    SysCtlPeripheralDisable                  0x00000fcb   Thumb Code    46  sysctl.o(.text)
    SysCtlPeripheralSleepEnable              0x00000ff9   Thumb Code    46  sysctl.o(.text)
    SysCtlPeripheralSleepDisable             0x00001027   Thumb Code    46  sysctl.o(.text)
    SysCtlPeripheralDeepSleepEnable          0x00001055   Thumb Code    46  sysctl.o(.text)
    SysCtlPeripheralDeepSleepDisable         0x00001083   Thumb Code    46  sysctl.o(.text)
    SysCtlPeripheralClockGating              0x000010b1   Thumb Code    78  sysctl.o(.text)
    SysCtlIntRegister                        0x000010ff   Thumb Code    20  sysctl.o(.text)
    SysCtlIntUnregister                      0x00001113   Thumb Code    16  sysctl.o(.text)
    SysCtlIntEnable                          0x00001123   Thumb Code    12  sysctl.o(.text)
    SysCtlIntDisable                         0x0000112f   Thumb Code    12  sysctl.o(.text)
    SysCtlIntClear                           0x0000113b   Thumb Code     6  sysctl.o(.text)
    SysCtlIntStatus                          0x00001141   Thumb Code    16  sysctl.o(.text)
    SysCtlLDOSleepSet                        0x00001151   Thumb Code     6  sysctl.o(.text)
    SysCtlLDOSleepGet                        0x00001157   Thumb Code     6  sysctl.o(.text)
    SysCtlLDODeepSleepSet                    0x0000115d   Thumb Code     6  sysctl.o(.text)
    SysCtlLDODeepSleepGet                    0x00001163   Thumb Code     6  sysctl.o(.text)
    SysCtlSleepPowerSet                      0x00001169   Thumb Code    72  sysctl.o(.text)
    SysCtlDeepSleepPowerSet                  0x000011b1   Thumb Code     6  sysctl.o(.text)
    SysCtlReset                              0x000011b7   Thumb Code    10  sysctl.o(.text)
    SysCtlSleep                              0x000011c1   Thumb Code     8  sysctl.o(.text)
    SysCtlDeepSleep                          0x000011c9   Thumb Code    40  sysctl.o(.text)
    SysCtlResetCauseGet                      0x000011f1   Thumb Code     6  sysctl.o(.text)
    SysCtlResetCauseClear                    0x000011f7   Thumb Code    12  sysctl.o(.text)
    SysCtlMOSCConfigSet                      0x00001203   Thumb Code     6  sysctl.o(.text)
    SysCtlPIOSCCalibrate                     0x00001209   Thumb Code    72  sysctl.o(.text)
    SysCtlResetBehaviorSet                   0x00001251   Thumb Code     6  sysctl.o(.text)
    SysCtlResetBehaviorGet                   0x00001257   Thumb Code     6  sysctl.o(.text)
    SysCtlClockFreqSet                       0x0000125d   Thumb Code   644  sysctl.o(.text)
    SysCtlClockSet                           0x000014e1   Thumb Code   378  sysctl.o(.text)
    SysCtlClockGet                           0x0000165b   Thumb Code   332  sysctl.o(.text)
    SysCtlDeepSleepClockSet                  0x000017a7   Thumb Code     6  sysctl.o(.text)
    SysCtlDeepSleepClockConfigSet            0x000017ad   Thumb Code   106  sysctl.o(.text)
    SysCtlPWMClockSet                        0x00001817   Thumb Code    16  sysctl.o(.text)
    SysCtlPWMClockGet                        0x00001827   Thumb Code    24  sysctl.o(.text)
    SysCtlGPIOAHBEnable                      0x0000183f   Thumb Code    20  sysctl.o(.text)
    SysCtlGPIOAHBDisable                     0x00001853   Thumb Code    20  sysctl.o(.text)
    SysCtlUSBPLLEnable                       0x00001867   Thumb Code    14  sysctl.o(.text)
    SysCtlUSBPLLDisable                      0x00001875   Thumb Code    14  sysctl.o(.text)
    SysCtlVoltageEventConfig                 0x00001883   Thumb Code     6  sysctl.o(.text)
    SysCtlVoltageEventStatus                 0x00001889   Thumb Code     6  sysctl.o(.text)
    SysCtlVoltageEventClear                  0x0000188f   Thumb Code    12  sysctl.o(.text)
    SysCtlVCOGet                             0x0000189b   Thumb Code   128  sysctl.o(.text)
    SysCtlNMIStatus                          0x0000191b   Thumb Code     6  sysctl.o(.text)
    SysCtlNMIClear                           0x00001921   Thumb Code    12  sysctl.o(.text)
    SysCtlClockOutConfig                     0x0000192d   Thumb Code    12  sysctl.o(.text)
    SysCtlAltClkConfig                       0x00001939   Thumb Code     6  sysctl.o(.text)
    IntMasterEnable                          0x0000198d   Thumb Code    16  interrupt.o(.text)
    IntMasterDisable                         0x0000199d   Thumb Code    16  interrupt.o(.text)
    IntRegister                              0x000019ad   Thumb Code    52  interrupt.o(.text)
    IntUnregister                            0x000019e1   Thumb Code    10  interrupt.o(.text)
    IntPriorityGroupingSet                   0x000019eb   Thumb Code    18  interrupt.o(.text)
    IntPriorityGroupingGet                   0x000019fd   Thumb Code    36  interrupt.o(.text)
    IntPrioritySet                           0x00001a21   Thumb Code    46  interrupt.o(.text)
    IntPriorityGet                           0x00001a4f   Thumb Code    22  interrupt.o(.text)
    IntEnable                                0x00001a65   Thumb Code   120  interrupt.o(.text)
    IntDisable                               0x00001add   Thumb Code   120  interrupt.o(.text)
    IntIsEnabled                             0x00001b55   Thumb Code   106  interrupt.o(.text)
    IntPendSet                               0x00001bbf   Thumb Code    98  interrupt.o(.text)
    IntPendClear                             0x00001c21   Thumb Code    76  interrupt.o(.text)
    IntPriorityMaskSet                       0x00001c6d   Thumb Code    12  interrupt.o(.text)
    IntPriorityMaskGet                       0x00001c79   Thumb Code     8  interrupt.o(.text)
    IntTrigger                               0x00001c81   Thumb Code    10  interrupt.o(.text)
    pxPortInitialiseStack                    0x00001ccf   Thumb Code    34  port.o(.text)
    vPortSetupTimerInterrupt                 0x00001cf1   Thumb Code    16  port.o(.text)
    xPortStartScheduler                      0x00001d01   Thumb Code    58  port.o(.text)
    vPortEndScheduler                        0x00001d3b   Thumb Code     2  port.o(.text)
    vPortEnterCritical                       0x00001d3d   Thumb Code    30  port.o(.text)
    vPortExitCritical                        0x00001d5b   Thumb Code    28  port.o(.text)
    xPortSysTickHandler                      0x00001d77   Thumb Code    50  port.o(.text)
    xTaskGenericCreate                       0x00001e97   Thumb Code   242  tasks.o(.text)
    xTaskIncrementTick                       0x00001fb3   Thumb Code   242  tasks.o(.text)
    xTaskResumeAll                           0x000020a5   Thumb Code   196  tasks.o(.text)
    vTaskSuspendAll                          0x000021f1   Thumb Code    12  tasks.o(.text)
    vTaskDelay                               0x000021fd   Thumb Code    84  tasks.o(.text)
    vTaskStartScheduler                      0x0000225b   Thumb Code    74  tasks.o(.text)
    vTaskEndScheduler                        0x000022a5   Thumb Code    32  tasks.o(.text)
    xTaskGetTickCount                        0x000022c5   Thumb Code     6  tasks.o(.text)
    xTaskGetTickCountFromISR                 0x000022cb   Thumb Code     8  tasks.o(.text)
    uxTaskGetNumberOfTasks                   0x000022d3   Thumb Code     6  tasks.o(.text)
    uxTaskGetSystemState                     0x0000238d   Thumb Code   104  tasks.o(.text)
    vTaskSwitchContext                       0x000023f5   Thumb Code    76  tasks.o(.text)
    vTaskPlaceOnEventList                    0x00002441   Thumb Code    66  tasks.o(.text)
    vTaskPlaceOnUnorderedEventList           0x00002483   Thumb Code    82  tasks.o(.text)
    xTaskRemoveFromEventList                 0x000024d5   Thumb Code   104  tasks.o(.text)
    xTaskRemoveFromUnorderedEventList        0x0000253d   Thumb Code    94  tasks.o(.text)
    vTaskSetTimeOutState                     0x0000259b   Thumb Code    14  tasks.o(.text)
    xTaskCheckForTimeOut                     0x000025a9   Thumb Code   142  tasks.o(.text)
    vTaskMissedYield                         0x00002637   Thumb Code     8  tasks.o(.text)
    uxTaskGetTaskNumber                      0x0000263f   Thumb Code    14  tasks.o(.text)
    vTaskSetTaskNumber                       0x0000264d   Thumb Code     8  tasks.o(.text)
    xTaskGetCurrentTaskHandle                0x00002655   Thumb Code     6  tasks.o(.text)
    vTaskPriorityInherit                     0x0000265b   Thumb Code   164  tasks.o(.text)
    xTaskPriorityDisinherit                  0x000026ff   Thumb Code   122  tasks.o(.text)
    uxTaskResetEventItemValue                0x00002779   Thumb Code    24  tasks.o(.text)
    pvTaskIncrementMutexHeldCount            0x00002791   Thumb Code    26  tasks.o(.text)
    ulTaskNotifyTake                         0x000027ab   Thumb Code   156  tasks.o(.text)
    xTaskNotifyWait                          0x00002847   Thumb Code   190  tasks.o(.text)
    xTaskGenericNotify                       0x00002905   Thumb Code   178  tasks.o(.text)
    xTaskGenericNotifyFromISR                0x000029b7   Thumb Code   246  tasks.o(.text)
    vTaskNotifyGiveFromISR                   0x00002aad   Thumb Code   146  tasks.o(.text)
    xTaskNotifyStateClear                    0x00002b3f   Thumb Code    50  tasks.o(.text)
    vListInitialise                          0x00002b85   Thumb Code    26  list.o(.text)
    vListInitialiseItem                      0x00002b9f   Thumb Code     6  list.o(.text)
    vListInsertEnd                           0x00002ba5   Thumb Code    24  list.o(.text)
    vListInsert                              0x00002bbd   Thumb Code    52  list.o(.text)
    uxListRemove                             0x00002bf1   Thumb Code    40  list.o(.text)
    pvPortMalloc                             0x00002c43   Thumb Code   166  heap_2.o(.text)
    vPortFree                                0x00002ce9   Thumb Code    56  heap_2.o(.text)
    xPortGetFreeHeapSize                     0x00002d21   Thumb Code     6  heap_2.o(.text)
    vPortInitialiseBlocks                    0x00002d27   Thumb Code     2  heap_2.o(.text)
    run_blink_led                            0x00002d3d   Thumb Code    50  blinkingled_swc.o(.text)
    run_poll_pushbutton                      0x00002d75   Thumb Code    44  pushbutton_swc.o(.text)
    Clk_Init                                 0x00002da9   Thumb Code    10  hwab.o(.text)
    PushButton_Init                          0x00002db3   Thumb Code    42  hwab.o(.text)
    PushButton_Read                          0x00002ddd   Thumb Code    66  hwab.o(.text)
    RGB_LED_Init                             0x00002e1f   Thumb Code    30  hwab.o(.text)
    RGB_LED_Set                              0x00002e3d   Thumb Code    16  hwab.o(.text)
    Rte_Send_RGB_LED_Color                   0x00002e5d   Thumb Code     6  rte.o(.text)
    Rte_Read_RGB_LED_Color                   0x00002e63   Thumb Code     6  rte.o(.text)
    Rte_Call_RGB_LED_Set                     0x00002e69   Thumb Code    12  rte.o(.text)
    Rte_Call_PushButton_Read                 0x00002e75   Thumb Code     8  rte.o(.text)
    __aeabi_memset                           0x00002e81   Thumb Code    16  aeabi_memset.o(.text)
    __use_two_region_memory                  0x00002e91   Thumb Code     2  heapauxi.o(.text)
    __rt_heap_escrow$2region                 0x00002e93   Thumb Code     2  heapauxi.o(.text)
    __rt_heap_expand$2region                 0x00002e95   Thumb Code     2  heapauxi.o(.text)
    __aeabi_memclr                           0x00002e97   Thumb Code     0  rt_memclr.o(.text)
    __rt_memclr                              0x00002e97   Thumb Code    68  rt_memclr.o(.text)
    _memset                                  0x00002e9b   Thumb Code     0  rt_memclr.o(.text)
    __aeabi_memclr4                          0x00002edb   Thumb Code     0  rt_memclr_w.o(.text)
    __aeabi_memclr8                          0x00002edb   Thumb Code     0  rt_memclr_w.o(.text)
    __rt_memclr_w                            0x00002edb   Thumb Code    78  rt_memclr_w.o(.text)
    _memset_w                                0x00002edf   Thumb Code     0  rt_memclr_w.o(.text)
    __user_setup_stackheap                   0x00002f29   Thumb Code    74  sys_stackheap_outer.o(.text)
    exit                                     0x00002f73   Thumb Code    12  exit.o(.text)
    __user_libspace                          0x00002f81   Thumb Code     8  libspace.o(.text)
    __user_perproc_libspace                  0x00002f81   Thumb Code     0  libspace.o(.text)
    __user_perthread_libspace                0x00002f81   Thumb Code     0  libspace.o(.text)
    _sys_exit                                0x00002f89   Thumb Code     8  sys_exit.o(.text)
    __I$use$semihosting                      0x00002f95   Thumb Code     0  use_no_semi.o(.text)
    __use_no_semihosting_swi                 0x00002f95   Thumb Code     2  use_no_semi.o(.text)
    __semihosting_library_function           0x00002f97   Thumb Code     0  indicate_semi.o(.text)
    _fp_init                                 0x00002f97   Thumb Code    10  fpinit.o(x$fpl$fpinit)
    __fplib_config_fpu_vfp                   0x00002f9f   Thumb Code     0  fpinit.o(x$fpl$fpinit)
    __fplib_config_pureend_doubles           0x00002f9f   Thumb Code     0  fpinit.o(x$fpl$fpinit)
    Region$$Table$$Base                      0x00003528   Number         0  anon$$obj.o(Region$$Table)
    Region$$Table$$Limit                     0x00003548   Number         0  anon$$obj.o(Region$$Table)
    task_100ms_runnables_n                   0x20000000   Data           1  main.o(.data)
    task_100ms_runnables                     0x20000004   Data           4  main.o(.data)
    task_1000ms_runnables_n                  0x20000008   Data           1  main.o(.data)
    task_1000ms_runnables                    0x2000000c   Data           4  main.o(.data)
    pxCurrentTCB                             0x20000014   Data           4  tasks.o(.data)
    colors                                   0x20000061   Data           6  pushbutton_swc.o(.data)
    Rte_RGB_LED_Color                        0x20000068   Data           1  rte.o(.data)
    __libspace_start                         0x20007d18   Data          96  libspace.o(.bss)
    __temporary_stack_top$libspace           0x20007d78   Data           0  libspace.o(.bss)



==============================================================================

Memory Map of the image

  Image Entry point : 0x0000026d

  Load Region LR_1 (Base: 0x00000000, Size: 0x00003bb4, Max: 0xffffffff, ABSOLUTE, COMPRESSED[0x00003574])

    Execution Region ER_RO (Base: 0x00000000, Size: 0x00003548, Max: 0xffffffff, ABSOLUTE)

    Base Addr    Size         Type   Attr      Idx    E Section Name        Object

    0x00000000   0x00000288   Code   RO            3  * RESET               startup_tm4c123.o
    0x00000288   0x00000008   Code   RO          338  * !!!main             c_w.l(__main.o)
    0x00000290   0x00000034   Code   RO          498    !!!scatter          c_w.l(__scatter.o)
    0x000002c4   0x0000003a   Code   RO          496    !!dczerorl          c_w.l(__dczerorl.o)
    0x000002fe   0x00000002   PAD
    0x00000300   0x0000001c   Code   RO          500    !!handler_zi        c_w.l(__scatter_zi.o)
    0x0000031c   0x00000002   Code   RO          369    .ARM.Collect$$libinit$$00000000  c_w.l(libinit.o)
    0x0000031e   0x00000004   Code   RO          375    .ARM.Collect$$libinit$$00000001  c_w.l(libinit2.o)
    0x00000322   0x00000000   Code   RO          379    .ARM.Collect$$libinit$$00000008  c_w.l(libinit2.o)
    0x00000322   0x00000000   Code   RO          381    .ARM.Collect$$libinit$$0000000A  c_w.l(libinit2.o)
    0x00000322   0x00000000   Code   RO          383    .ARM.Collect$$libinit$$0000000C  c_w.l(libinit2.o)
    0x00000322   0x00000000   Code   RO          386    .ARM.Collect$$libinit$$0000000F  c_w.l(libinit2.o)
    0x00000322   0x00000000   Code   RO          388    .ARM.Collect$$libinit$$00000011  c_w.l(libinit2.o)
    0x00000322   0x00000000   Code   RO          390    .ARM.Collect$$libinit$$00000013  c_w.l(libinit2.o)
    0x00000322   0x00000000   Code   RO          392    .ARM.Collect$$libinit$$00000015  c_w.l(libinit2.o)
    0x00000322   0x00000000   Code   RO          394    .ARM.Collect$$libinit$$00000017  c_w.l(libinit2.o)
    0x00000322   0x00000000   Code   RO          396    .ARM.Collect$$libinit$$00000019  c_w.l(libinit2.o)
    0x00000322   0x00000000   Code   RO          398    .ARM.Collect$$libinit$$0000001B  c_w.l(libinit2.o)
    0x00000322   0x00000000   Code   RO          400    .ARM.Collect$$libinit$$0000001D  c_w.l(libinit2.o)
    0x00000322   0x00000000   Code   RO          402    .ARM.Collect$$libinit$$0000001F  c_w.l(libinit2.o)
    0x00000322   0x00000000   Code   RO          404    .ARM.Collect$$libinit$$00000021  c_w.l(libinit2.o)
    0x00000322   0x00000000   Code   RO          406    .ARM.Collect$$libinit$$00000023  c_w.l(libinit2.o)
    0x00000322   0x00000000   Code   RO          410    .ARM.Collect$$libinit$$0000002A  c_w.l(libinit2.o)
    0x00000322   0x00000000   Code   RO          412    .ARM.Collect$$libinit$$0000002C  c_w.l(libinit2.o)
    0x00000322   0x00000000   Code   RO          414    .ARM.Collect$$libinit$$0000002E  c_w.l(libinit2.o)
    0x00000322   0x00000000   Code   RO          416    .ARM.Collect$$libinit$$00000030  c_w.l(libinit2.o)
    0x00000322   0x00000002   Code   RO          417    .ARM.Collect$$libinit$$00000031  c_w.l(libinit2.o)
    0x00000324   0x00000002   Code   RO          437    .ARM.Collect$$libshutdown$$00000000  c_w.l(libshutdown.o)
    0x00000326   0x00000000   Code   RO          451    .ARM.Collect$$libshutdown$$00000003  c_w.l(libshutdown2.o)
    0x00000326   0x00000000   Code   RO          454    .ARM.Collect$$libshutdown$$00000006  c_w.l(libshutdown2.o)
    0x00000326   0x00000000   Code   RO          457    .ARM.Collect$$libshutdown$$00000009  c_w.l(libshutdown2.o)
    0x00000326   0x00000000   Code   RO          459    .ARM.Collect$$libshutdown$$0000000B  c_w.l(libshutdown2.o)
    0x00000326   0x00000000   Code   RO          462    .ARM.Collect$$libshutdown$$0000000E  c_w.l(libshutdown2.o)
    0x00000326   0x00000002   Code   RO          463    .ARM.Collect$$libshutdown$$0000000F  c_w.l(libshutdown2.o)
    0x00000328   0x00000000   Code   RO          340    .ARM.Collect$$rtentry$$00000000  c_w.l(rtentry.o)
    0x00000328   0x00000000   Code   RO          344    .ARM.Collect$$rtentry$$00000002  c_w.l(rtentry2.o)
    0x00000328   0x00000006   Code   RO          356    .ARM.Collect$$rtentry$$00000004  c_w.l(rtentry4.o)
    0x0000032e   0x00000000   Code   RO          346    .ARM.Collect$$rtentry$$00000009  c_w.l(rtentry2.o)
    0x0000032e   0x00000004   Code   RO          347    .ARM.Collect$$rtentry$$0000000A  c_w.l(rtentry2.o)
    0x00000332   0x00000000   Code   RO          349    .ARM.Collect$$rtentry$$0000000C  c_w.l(rtentry2.o)
    0x00000332   0x00000008   Code   RO          350    .ARM.Collect$$rtentry$$0000000D  c_w.l(rtentry2.o)
    0x0000033a   0x00000002   Code   RO          373    .ARM.Collect$$rtexit$$00000000  c_w.l(rtexit.o)
    0x0000033c   0x00000000   Code   RO          419    .ARM.Collect$$rtexit$$00000002  c_w.l(rtexit2.o)
    0x0000033c   0x00000004   Code   RO          420    .ARM.Collect$$rtexit$$00000003  c_w.l(rtexit2.o)
    0x00000340   0x00000006   Code   RO          421    .ARM.Collect$$rtexit$$00000004  c_w.l(rtexit2.o)
    0x00000346   0x00000002   PAD
    0x00000348   0x00000006   Code   RO          113    .emb_text           sysctl.o
    0x0000034e   0x00000002   PAD
    0x00000350   0x00000026   Code   RO          158    .emb_text           cpu.o
    0x00000376   0x00000002   PAD
    0x00000378   0x000000b6   Code   RO          168    .emb_text           port.o
    0x0000042e   0x00000002   PAD
    0x00000430   0x00000018   Code   RO            4    .text               startup_tm4c123.o
    0x00000448   0x000000c0   Code   RO           11    .text               main.o
    0x00000508   0x00000884   Code   RO           72    .text               gpio.o
    0x00000d8c   0x00000bfc   Code   RO          114    .text               sysctl.o
    0x00001988   0x00000330   Code   RO          143    .text               interrupt.o
    0x00001cb8   0x00000100   Code   RO          169    .text               port.o
    0x00001db8   0x00000dcc   Code   RO          195    .text               tasks.o
    0x00002b84   0x00000094   Code   RO          229    .text               list.o
    0x00002c18   0x00000124   Code   RO          241    .text               heap_2.o
    0x00002d3c   0x00000038   Code   RO          256    .text               blinkingled_swc.o
    0x00002d74   0x00000034   Code   RO          275    .text               pushbutton_swc.o
    0x00002da8   0x000000b4   Code   RO          293    .text               hwab.o
    0x00002e5c   0x00000024   Code   RO          311    .text               rte.o
    0x00002e80   0x00000010   Code   RO          334    .text               c_w.l(aeabi_memset.o)
    0x00002e90   0x00000006   Code   RO          336    .text               c_w.l(heapauxi.o)
    0x00002e96   0x00000044   Code   RO          341    .text               c_w.l(rt_memclr.o)
    0x00002eda   0x0000004e   Code   RO          358    .text               c_w.l(rt_memclr_w.o)
    0x00002f28   0x0000004a   Code   RO          360    .text               c_w.l(sys_stackheap_outer.o)
    0x00002f72   0x0000000c   Code   RO          362    .text               c_w.l(exit.o)
    0x00002f7e   0x00000002   PAD
    0x00002f80   0x00000008   Code   RO          370    .text               c_w.l(libspace.o)
    0x00002f88   0x0000000c   Code   RO          429    .text               c_w.l(sys_exit.o)
    0x00002f94   0x00000002   Code   RO          440    .text               c_w.l(use_no_semi.o)
    0x00002f96   0x00000000   Code   RO          442    .text               c_w.l(indicate_semi.o)
    0x00002f96   0x0000000a   Code   RO          427    x$fpl$fpinit        fz_wm.l(fpinit.o)
    0x00002fa0   0x00000228   Data   RO           73    .constdata          gpio.o
    0x000031c8   0x00000254   Data   RO          115    .constdata          sysctl.o
    0x0000341c   0x0000010c   Data   RO          144    .constdata          interrupt.o
    0x00003528   0x00000020   Data   RO          494    Region$$Table       anon$$obj.o


    Execution Region ER_RW (Base: 0x20000000, Size: 0x0000066c, Max: 0xffffffff, ABSOLUTE, COMPRESSED[0x0000002c])

    Base Addr    Size         Type   Attr      Idx    E Section Name        Object

    0x20000000   0x00000010   Data   RW           12    .data               main.o
    0x20000010   0x00000004   Data   RW          170    .data               port.o
    0x20000014   0x00000034   Data   RW          197    .data               tasks.o
    0x20000048   0x00000018   Data   RW          243    .data               heap_2.o
    0x20000060   0x00000001   Data   RW          257    .data               blinkingled_swc.o
    0x20000061   0x00000007   Data   RW          276    .data               pushbutton_swc.o
    0x20000068   0x00000001   Data   RW          312    .data               rte.o
    0x20000069   0x00000397   PAD
    0x20000400   0x0000026c   Data   RW          145    vtable              interrupt.o


    Execution Region ER_ZI (Base: 0x2000066c, Size: 0x0000790c, Max: 0xffffffff, ABSOLUTE)

    Base Addr    Size         Type   Attr      Idx    E Section Name        Object

    0x2000066c   0x0000017c   Zero   RW          196    .bss                tasks.o
    0x200007e8   0x00007530   Zero   RW          242    .bss                heap_2.o
    0x20007d18   0x00000060   Zero   RW          371    .bss                c_w.l(libspace.o)
    0x20007d78   0x00000000   Zero   RW            2    HEAP                startup_tm4c123.o
    0x20007d78   0x00000200   Zero   RW            1    STACK               startup_tm4c123.o


==============================================================================

Image component sizes


      Code (inc. data)   RO Data    RW Data    ZI Data      Debug   Object Name

        56          6          0          1          0        500   blinkingled_swc.o
        38          0          0          0          0        548   cpu.o
      2180         30        552          0          0      13338   gpio.o
       292         20          0         24      30000       3152   heap_2.o
       180         16          0          0          0       1152   hwab.o
       816         46        268        620          0       4552   interrupt.o
       148          0          0          0          0       1874   list.o
       192         40          0         16          0      13113   main.o
       438         32          0          4          0      13076   port.o
        52          8          0          7          0       1071   pushbutton_swc.o
        36          4          0          1          0       1618   rte.o
       672        636          0          0        512        428   startup_tm4c123.o
      3074        236        596          0          0      14766   sysctl.o
      3532        200          0         52        380      17961   tasks.o

    ----------------------------------------------------------------------
     11712       1274       1448       1644      30892      87149   Object Totals
         0          0         32          0          0          0   (incl. Generated)
         6          0          0        919          0          0   (incl. Padding)

    ----------------------------------------------------------------------

      Code (inc. data)   RO Data    RW Data    ZI Data      Debug   Library Member Name

        58          0          0          0          0          0   __dczerorl.o
         8          0          0          0          0         68   __main.o
        52          8          0          0          0          0   __scatter.o
        28          0          0          0          0          0   __scatter_zi.o
        16          0          0          0          0         68   aeabi_memset.o
        12          0          0          0          0         72   exit.o
         6          0          0          0          0        152   heapauxi.o
         0          0          0          0          0          0   indicate_semi.o
         2          0          0          0          0          0   libinit.o
         6          0          0          0          0          0   libinit2.o
         2          0          0          0          0          0   libshutdown.o
         2          0          0          0          0          0   libshutdown2.o
         8          4          0          0         96         68   libspace.o
        68          0          0          0          0         68   rt_memclr.o
        78          0          0          0          0         80   rt_memclr_w.o
         0          0          0          0          0          0   rtentry.o
        12          0          0          0          0          0   rtentry2.o
         6          0          0          0          0          0   rtentry4.o
         2          0          0          0          0          0   rtexit.o
        10          0          0          0          0          0   rtexit2.o
        12          4          0          0          0         68   sys_exit.o
        74          0          0          0          0         80   sys_stackheap_outer.o
         2          0          0          0          0         68   use_no_semi.o
        10          0          0          0          0        116   fpinit.o

    ----------------------------------------------------------------------
       480         16          0          0         96        908   Library Totals
         6          0          0          0          0          0   (incl. Padding)

    ----------------------------------------------------------------------

      Code (inc. data)   RO Data    RW Data    ZI Data      Debug   Library Name

       464         16          0          0         96        792   c_w.l
        10          0          0          0          0        116   fz_wm.l

    ----------------------------------------------------------------------
       480         16          0          0         96        908   Library Totals

    ----------------------------------------------------------------------

==============================================================================


      Code (inc. data)   RO Data    RW Data    ZI Data      Debug   

     12192       1290       1448       1644      30988      84541   Grand Totals
     12192       1290       1448         44      30988      84541   ELF Image Totals (compressed)
     12192       1290       1448         44          0          0   ROM Totals

==============================================================================

    Total RO  Size (Code + RO Data)                13640 (  13.32kB)
    Total RW  Size (RW Data + ZI Data)             32632 (  31.87kB)
    Total ROM Size (Code + RO Data + RW Data)      13684 (  13.36kB)

==============================================================================

